------------------------------------------------------------
Timing Analyzer Summary
------------------------------------------------------------

Type  : Slow 1200mV 85C Model Setup 'clock_50'
Slack : -9.504
TNS   : -1010.982

Type  : Slow 1200mV 85C Model Hold 'clock_50'
Slack : 0.404
TNS   : 0.000

Type  : Slow 1200mV 85C Model Recovery 'clock_50'
Slack : -0.930
TNS   : -24.623

Type  : Slow 1200mV 85C Model Removal 'clock_50'
Slack : 1.056
TNS   : 0.000

Type  : Slow 1200mV 85C Model Minimum Pulse Width 'clock_50'
Slack : -3.000
TNS   : -243.295

Type  : Slow 1200mV 0C Model Setup 'clock_50'
Slack : -8.518
TNS   : -912.634

Type  : Slow 1200mV 0C Model Hold 'clock_50'
Slack : 0.356
TNS   : 0.000

Type  : Slow 1200mV 0C Model Recovery 'clock_50'
Slack : -0.764
TNS   : -18.980

Type  : Slow 1200mV 0C Model Removal 'clock_50'
Slack : 0.963
TNS   : 0.000

Type  : Slow 1200mV 0C Model Minimum Pulse Width 'clock_50'
Slack : -3.000
TNS   : -243.295

Type  : Fast 1200mV 0C Model Setup 'clock_50'
Slack : -4.080
TNS   : -399.190

Type  : Fast 1200mV 0C Model Hold 'clock_50'
Slack : 0.183
TNS   : 0.000

Type  : Fast 1200mV 0C Model Recovery 'clock_50'
Slack : 0.013
TNS   : 0.000

Type  : Fast 1200mV 0C Model Removal 'clock_50'
Slack : 0.504
TNS   : 0.000

Type  : Fast 1200mV 0C Model Minimum Pulse Width 'clock_50'
Slack : -3.000
TNS   : -243.670

------------------------------------------------------------
